[0.011s][info][gc] Using Parallel
[1.136s][info][gc] GC(0) Pause Young (Allocation Failure) 3M->1M(11M) 38.023ms
[5.089s][info][gc] GC(1) Pause Young (Allocation Failure) 4M->2M(11M) 2.329ms
[5.166s][info][gc] GC(2) Pause Young (Allocation Failure) 5M->3M(11M) 1.541ms
[5.211s][info][gc] GC(3) Pause Young (Allocation Failure) 6M->4M(11M) 2.405ms
[5.247s][info][gc] GC(4) Pause Young (Allocation Failure) 7M->4M(11M) 2.036ms
[5.562s][info][gc] GC(5) Pause Young (Allocation Failure) 7M->5M(10M) 3.458ms
[5.698s][info][gc] GC(6) Pause Young (Allocation Failure) 7M->5M(11M) 1.773ms
[13.998s][info][gc] GC(7) Pause Young (Allocation Failure) 7M->5M(11M) 1.210ms
[25.737s][info][gc] GC(8) Pause Young (Allocation Failure) 7M->5M(11M) 1.538ms
[42.746s][info][gc] GC(9) Pause Young (Allocation Failure) 7M->5M(11M) 0.945ms
[50.756s][info][gc] GC(10) Pause Young (Allocation Failure) 7M->6M(11M) 2.238ms
[50.799s][info][gc] GC(11) Pause Full (Ergonomics) 6M->4M(11M) 42.782ms
[67.771s][info][gc] GC(12) Pause Young (Allocation Failure) 6M->4M(11M) 1.198ms
[84.787s][info][gc] GC(13) Pause Young (Allocation Failure) 6M->4M(11M) 0.790ms
[102.195s][info][gc] GC(14) Pause Young (Allocation Failure) 6M->4M(11M) 0.379ms
[102.199s][info][gc] GC(15) Pause Young (Allocation Failure) 6M->5M(11M) 0.562ms
[102.204s][info][gc] GC(16) Pause Young (Allocation Failure) 7M->5M(11M) 0.433ms
[102.218s][info][gc] GC(17) Pause Young (Allocation Failure) 7M->6M(11M) 0.289ms
[102.228s][info][gc] GC(18) Pause Young (Allocation Failure) 8M->6M(11M) 0.254ms
[102.231s][info][gc] GC(19) Pause Young (Allocation Failure) 8M->6M(11M) 0.289ms
[102.234s][info][gc] GC(20) Pause Young (Allocation Failure) 8M->6M(11M) 0.241ms
[102.237s][info][gc] GC(21) Pause Young (Allocation Failure) 7M->6M(11M) 0.367ms
[102.240s][info][gc] GC(22) Pause Young (Allocation Failure) 8M->6M(11M) 0.308ms
[102.243s][info][gc] GC(23) Pause Young (Allocation Failure) 8M->6M(11M) 0.243ms
[102.245s][info][gc] GC(24) Pause Young (Allocation Failure) 8M->6M(11M) 0.241ms
[102.248s][info][gc] GC(25) Pause Young (Allocation Failure) 8M->6M(11M) 0.246ms
[102.251s][info][gc] GC(26) Pause Young (Allocation Failure) 8M->7M(11M) 0.275ms
[102.254s][info][gc] GC(27) Pause Young (Allocation Failure) 9M->7M(11M) 0.264ms
[102.270s][info][gc] GC(28) Pause Full (Ergonomics) 7M->6M(11M) 16.654ms
[102.274s][info][gc] GC(29) Pause Young (Allocation Failure) 8M->6M(11M) 0.347ms
[106.769s][info][gc] GC(30) Pause Young (Allocation Failure) 8M->6M(11M) 0.503ms
[123.813s][info][gc] GC(31) Pause Young (Allocation Failure) 8M->6M(11M) 1.352ms
[141.789s][info][gc] GC(32) Pause Young (Allocation Failure) 8M->6M(11M) 0.858ms
[152.924s][info][gc] GC(33) Pause Young (Allocation Failure) 8M->6M(11M) 0.322ms
[162.800s][info][gc] GC(34) Pause Young (Allocation Failure) 8M->6M(11M) 0.711ms
[179.807s][info][gc] GC(35) Pause Young (Allocation Failure) 8M->6M(11M) 0.737ms
[196.875s][info][gc] GC(36) Pause Young (Allocation Failure) 8M->6M(11M) 0.896ms
[214.889s][info][gc] GC(37) Pause Young (Allocation Failure) 8M->6M(11M) 0.727ms
[224.818s][info][gc] GC(38) Pause Young (Allocation Failure) 8M->7M(11M) 0.444ms
[241.914s][info][gc] GC(39) Pause Young (Allocation Failure) 9M->7M(11M) 0.989ms
[241.930s][info][gc] GC(40) Pause Full (Ergonomics) 7M->5M(11M) 15.968ms
[257.929s][info][gc] GC(41) Pause Young (Allocation Failure) 7M->5M(11M) 0.438ms
[275.941s][info][gc] GC(42) Pause Young (Allocation Failure) 7M->5M(11M) 0.480ms
[293.951s][info][gc] GC(43) Pause Young (Allocation Failure) 7M->5M(11M) 0.364ms
[310.961s][info][gc] GC(44) Pause Young (Allocation Failure) 7M->5M(11M) 0.362ms
[328.971s][info][gc] GC(45) Pause Young (Allocation Failure) 7M->5M(11M) 0.482ms
[346.983s][info][gc] GC(46) Pause Young (Allocation Failure) 7M->5M(11M) 0.397ms
[364.993s][info][gc] GC(47) Pause Young (Allocation Failure) 7M->5M(11M) 0.280ms
