[0.007s][info][gc] Using The Z Garbage Collector
[0.135s][info][gc] GC(0) Garbage Collection (Warmup) 4M(22%)->4M(22%)
[0.241s][info][gc] GC(1) Garbage Collection (Warmup) 4M(22%)->2M(11%)
[4.835s][info][gc] GC(2) Garbage Collection (Warmup) 10M(56%)->8M(44%)
[4.945s][info][gc] GC(3) Garbage Collection (Allocation Rate) 16M(89%)->6M(33%)
[5.040s][info][gc] GC(4) Garbage Collection (Allocation Rate) 8M(44%)->6M(33%)
[5.140s][info][gc] GC(5) Garbage Collection (Allocation Rate) 8M(44%)->8M(44%)
[5.254s][info][gc] GC(6) Garbage Collection (Allocation Rate) 10M(56%)->8M(44%)
[5.345s][info][gc] GC(7) Garbage Collection (Allocation Rate) 10M(56%)->8M(44%)
[5.431s][info][gc] GC(8) Garbage Collection (Allocation Rate) 8M(44%)->8M(44%)
[5.540s][info][gc] GC(9) Garbage Collection (Allocation Rate) 10M(56%)->8M(44%)
[5.635s][info][gc] GC(10) Garbage Collection (Allocation Rate) 10M(56%)->8M(44%)
[5.737s][info][gc] GC(11) Garbage Collection (Allocation Rate) 10M(56%)->8M(44%)
[5.848s][info][gc] GC(12) Garbage Collection (Allocation Rate) 10M(56%)->8M(44%)
[5.951s][info][gc] GC(13) Garbage Collection (Allocation Rate) 10M(56%)->10M(56%)
[6.032s][info][gc] GC(14) Garbage Collection (Allocation Rate) 10M(56%)->8M(44%)
[6.141s][info][gc] GC(15) Garbage Collection (Allocation Rate) 10M(56%)->8M(44%)
[6.245s][info][gc] GC(16) Garbage Collection (Allocation Rate) 10M(56%)->10M(56%)
[6.358s][info][gc] GC(17) Garbage Collection (Allocation Rate) 10M(56%)->10M(56%)
[6.436s][info][gc] GC(18) Garbage Collection (Allocation Rate) 10M(56%)->8M(44%)
[6.547s][info][gc] GC(19) Garbage Collection (Allocation Rate) 10M(56%)->8M(44%)
[6.651s][info][gc] GC(20) Garbage Collection (Allocation Rate) 10M(56%)->10M(56%)
[7.556s][info][gc] GC(21) Garbage Collection (Allocation Rate) 10M(56%)->10M(56%)
[16.432s][info][gc] GC(22) Garbage Collection (Proactive) 12M(67%)->8M(44%)
[18.143s][info][gc] GC(23) Garbage Collection (Proactive) 10M(56%)->6M(33%)
[19.555s][info][gc] GC(24) Garbage Collection (Proactive) 8M(44%)->8M(44%)
[27.456s][info][gc] GC(25) Garbage Collection (Proactive) 10M(56%)->6M(33%)
[29.436s][info][gc] GC(26) Garbage Collection (Proactive) 8M(44%)->6M(33%)
[31.243s][info][gc] GC(27) Garbage Collection (Proactive) 10M(56%)->8M(44%)
[32.748s][info][gc] GC(28) Garbage Collection (Proactive) 10M(56%)->8M(44%)
[34.249s][info][gc] GC(29) Garbage Collection (Proactive) 10M(56%)->8M(44%)
[35.550s][info][gc] GC(30) Garbage Collection (Proactive) 10M(56%)->8M(44%)
[36.738s][info][gc] GC(31) Garbage Collection (Proactive) 10M(56%)->8M(44%)
[37.947s][info][gc] GC(32) Garbage Collection (Proactive) 10M(56%)->8M(44%)
[38.955s][info][gc] GC(33) Garbage Collection (Proactive) 10M(56%)->8M(44%)
[40.449s][info][gc] GC(34) Garbage Collection (Proactive) 10M(56%)->8M(44%)
[42.049s][info][gc] GC(35) Garbage Collection (Proactive) 10M(56%)->8M(44%)
[43.640s][info][gc] GC(36) Garbage Collection (Proactive) 10M(56%)->8M(44%)
[44.848s][info][gc] GC(37) Garbage Collection (Proactive) 10M(56%)->8M(44%)
[46.632s][info][gc] GC(38) Garbage Collection (Proactive) 10M(56%)->8M(44%)
[48.036s][info][gc] GC(39) Garbage Collection (Proactive) 10M(56%)->8M(44%)
[49.143s][info][gc] GC(40) Garbage Collection (Proactive) 10M(56%)->8M(44%)
[50.049s][info][gc] GC(41) Garbage Collection (Proactive) 10M(56%)->8M(44%)
[51.040s][info][gc] GC(42) Garbage Collection (Proactive) 10M(56%)->8M(44%)
[51.931s][info][gc] GC(43) Garbage Collection (Proactive) 10M(56%)->8M(44%)
[52.840s][info][gc] GC(44) Garbage Collection (Proactive) 10M(56%)->8M(44%)
[53.637s][info][gc] GC(45) Garbage Collection (Proactive) 10M(56%)->8M(44%)
[54.456s][info][gc] GC(46) Garbage Collection (Proactive) 10M(56%)->8M(44%)
[56.659s][info][gc] GC(47) Garbage Collection (Proactive) 10M(56%)->8M(44%)
[59.036s][info][gc] GC(48) Garbage Collection (Proactive) 10M(56%)->8M(44%)
[61.238s][info][gc] GC(49) Garbage Collection (Proactive) 10M(56%)->8M(44%)
[62.737s][info][gc] GC(50) Garbage Collection (Proactive) 10M(56%)->8M(44%)
[64.033s][info][gc] GC(51) Garbage Collection (Proactive) 10M(56%)->8M(44%)
[65.136s][info][gc] GC(52) Garbage Collection (Proactive) 10M(56%)->8M(44%)
[66.044s][info][gc] GC(53) Garbage Collection (Proactive) 10M(56%)->8M(44%)
[66.942s][info][gc] GC(54) Garbage Collection (Proactive) 10M(56%)->8M(44%)
[67.645s][info][gc] GC(55) Garbage Collection (Proactive) 10M(56%)->8M(44%)
[68.434s][info][gc] GC(56) Garbage Collection (Proactive) 10M(56%)->8M(44%)
[69.445s][info][gc] GC(57) Garbage Collection (Proactive) 10M(56%)->8M(44%)
[70.444s][info][gc] GC(58) Garbage Collection (Proactive) 10M(56%)->8M(44%)
[71.436s][info][gc] GC(59) Garbage Collection (Proactive) 10M(56%)->8M(44%)
[72.440s][info][gc] GC(60) Garbage Collection (Proactive) 10M(56%)->8M(44%)
[73.432s][info][gc] GC(61) Garbage Collection (Proactive) 10M(56%)->8M(44%)
[74.272s][info][gc] Allocation Stall (main) 11.832ms
[74.273s][info][gc] GC(62) Garbage Collection (Allocation Stall) 18M(100%)->12M(67%)
[74.290s][info][gc] Allocation Stall (main) 11.510ms
[74.291s][info][gc] GC(63) Garbage Collection (Allocation Stall) 18M(100%)->14M(78%)
[74.306s][info][gc] Allocation Stall (main) 10.994ms
[74.308s][info][gc] GC(64) Garbage Collection (Allocation Stall) 18M(100%)->14M(78%)
[74.322s][info][gc] Allocation Stall (main) 11.180ms
[74.323s][info][gc] Allocation Stall (main) 0.118ms
[74.323s][info][gc] GC(65) Garbage Collection (Allocation Stall) 18M(100%)->18M(100%)
[74.343s][info][gc] GC(66) Garbage Collection (Allocation Stall) 18M(100%)->8M(44%)
[74.446s][info][gc] GC(67) Garbage Collection (Allocation Rate) 10M(56%)->8M(44%)
[74.547s][info][gc] GC(68) Garbage Collection (Allocation Rate) 8M(44%)->8M(44%)
[74.640s][info][gc] GC(69) Garbage Collection (Allocation Rate) 8M(44%)->8M(44%)
[74.743s][info][gc] GC(70) Garbage Collection (Allocation Rate) 8M(44%)->8M(44%)
[74.853s][info][gc] GC(71) Garbage Collection (Allocation Rate) 8M(44%)->8M(44%)
[74.936s][info][gc] GC(72) Garbage Collection (Allocation Rate) 8M(44%)->8M(44%)
[75.057s][info][gc] GC(73) Garbage Collection (Allocation Rate) 8M(44%)->8M(44%)
[75.142s][info][gc] GC(74) Garbage Collection (Allocation Rate) 8M(44%)->8M(44%)
[75.339s][info][gc] GC(75) Garbage Collection (Allocation Rate) 8M(44%)->8M(44%)
[75.433s][info][gc] GC(76) Garbage Collection (Allocation Rate) 10M(56%)->8M(44%)
[75.571s][info][gc] GC(77) Garbage Collection (Allocation Rate) 8M(44%)->8M(44%)
[75.644s][info][gc] GC(78) Garbage Collection (Allocation Rate) 8M(44%)->8M(44%)
[75.752s][info][gc] GC(79) Garbage Collection (Allocation Rate) 8M(44%)->8M(44%)
[75.842s][info][gc] GC(80) Garbage Collection (Allocation Rate) 8M(44%)->8M(44%)
[75.934s][info][gc] GC(81) Garbage Collection (Allocation Rate) 8M(44%)->8M(44%)
[76.042s][info][gc] GC(82) Garbage Collection (Allocation Rate) 8M(44%)->8M(44%)
[76.141s][info][gc] GC(83) Garbage Collection (Allocation Rate) 8M(44%)->8M(44%)
[77.253s][info][gc] GC(84) Garbage Collection (Proactive) 10M(56%)->8M(44%)
[78.548s][info][gc] GC(85) Garbage Collection (Proactive) 10M(56%)->8M(44%)
[79.647s][info][gc] GC(86) Garbage Collection (Proactive) 10M(56%)->8M(44%)
[81.338s][info][gc] GC(87) Garbage Collection (Proactive) 10M(56%)->8M(44%)
[82.943s][info][gc] GC(88) Garbage Collection (Proactive) 10M(56%)->8M(44%)
[84.153s][info][gc] GC(89) Garbage Collection (Proactive) 10M(56%)->8M(44%)
[85.841s][info][gc] GC(90) Garbage Collection (Proactive) 10M(56%)->8M(44%)
[87.246s][info][gc] GC(91) Garbage Collection (Proactive) 10M(56%)->8M(44%)
[89.033s][info][gc] GC(92) Garbage Collection (Proactive) 10M(56%)->8M(44%)
[90.740s][info][gc] GC(93) Garbage Collection (Proactive) 10M(56%)->8M(44%)
[92.039s][info][gc] GC(94) Garbage Collection (Proactive) 10M(56%)->8M(44%)
[93.151s][info][gc] GC(95) Garbage Collection (Proactive) 10M(56%)->8M(44%)
[95.545s][info][gc] GC(96) Garbage Collection (Proactive) 10M(56%)->8M(44%)
[97.446s][info][gc] GC(97) Garbage Collection (Proactive) 10M(56%)->8M(44%)
[98.751s][info][gc] GC(98) Garbage Collection (Proactive) 10M(56%)->8M(44%)
[100.146s][info][gc] GC(99) Garbage Collection (Proactive) 10M(56%)->8M(44%)
[101.251s][info][gc] GC(100) Garbage Collection (Proactive) 10M(56%)->8M(44%)
[102.835s][info][gc] GC(101) Garbage Collection (Proactive) 10M(56%)->8M(44%)
[104.351s][info][gc] GC(102) Garbage Collection (Proactive) 10M(56%)->8M(44%)
[106.139s][info][gc] GC(103) Garbage Collection (Proactive) 10M(56%)->8M(44%)
[107.653s][info][gc] GC(104) Garbage Collection (Proactive) 10M(56%)->8M(44%)
[109.345s][info][gc] GC(105) Garbage Collection (Proactive) 10M(56%)->8M(44%)
[110.737s][info][gc] GC(106) Garbage Collection (Proactive) 10M(56%)->8M(44%)
[111.843s][info][gc] GC(107) Garbage Collection (Proactive) 10M(56%)->8M(44%)
[113.147s][info][gc] GC(108) Garbage Collection (Proactive) 10M(56%)->8M(44%)
[114.639s][info][gc] GC(109) Garbage Collection (Proactive) 10M(56%)->8M(44%)
[116.145s][info][gc] GC(110) Garbage Collection (Proactive) 10M(56%)->8M(44%)
[117.270s][info][gc] GC(111) Garbage Collection (Proactive) 10M(56%)->8M(44%)
[120.846s][info][gc] GC(112) Garbage Collection (Proactive) 10M(56%)->8M(44%)
[123.534s][info][gc] GC(113) Garbage Collection (Proactive) 10M(56%)->8M(44%)
[125.338s][info][gc] GC(114) Garbage Collection (Proactive) 10M(56%)->8M(44%)
[126.733s][info][gc] GC(115) Garbage Collection (Proactive) 10M(56%)->8M(44%)
[127.851s][info][gc] GC(116) Garbage Collection (Proactive) 10M(56%)->8M(44%)
[129.431s][info][gc] GC(117) Garbage Collection (Proactive) 10M(56%)->8M(44%)
[130.836s][info][gc] GC(118) Garbage Collection (Proactive) 10M(56%)->8M(44%)
[131.939s][info][gc] GC(119) Garbage Collection (Proactive) 10M(56%)->8M(44%)
[132.840s][info][gc] GC(120) Garbage Collection (Proactive) 10M(56%)->8M(44%)
[133.832s][info][gc] GC(121) Garbage Collection (Proactive) 12M(67%)->10M(56%)
[134.743s][info][gc] GC(122) Garbage Collection (Proactive) 12M(67%)->10M(56%)
[135.640s][info][gc] GC(123) Garbage Collection (Proactive) 12M(67%)->10M(56%)
[136.443s][info][gc] GC(124) Garbage Collection (Proactive) 12M(67%)->10M(56%)
[137.240s][info][gc] GC(125) Garbage Collection (Proactive) 12M(67%)->10M(56%)
[138.044s][info][gc] GC(126) Garbage Collection (Proactive) 12M(67%)->10M(56%)
[138.751s][info][gc] GC(127) Garbage Collection (Proactive) 12M(67%)->8M(44%)
[139.846s][info][gc] GC(128) Garbage Collection (Proactive) 10M(56%)->8M(44%)
[141.636s][info][gc] GC(129) Garbage Collection (Proactive) 10M(56%)->8M(44%)
[143.255s][info][gc] GC(130) Garbage Collection (Proactive) 10M(56%)->8M(44%)
[146.154s][info][gc] GC(131) Garbage Collection (Proactive) 10M(56%)->8M(44%)
[148.235s][info][gc] GC(132) Garbage Collection (Proactive) 10M(56%)->8M(44%)
[149.939s][info][gc] GC(133) Garbage Collection (Proactive) 10M(56%)->8M(44%)
[151.241s][info][gc] GC(134) Garbage Collection (Proactive) 10M(56%)->8M(44%)
[152.344s][info][gc] GC(135) Garbage Collection (Proactive) 10M(56%)->8M(44%)
[153.335s][info][gc] GC(136) Garbage Collection (Proactive) 10M(56%)->8M(44%)
[154.148s][info][gc] GC(137) Garbage Collection (Proactive) 10M(56%)->8M(44%)
[156.541s][info][gc] GC(138) Garbage Collection (Proactive) 10M(56%)->8M(44%)
[158.336s][info][gc] GC(139) Garbage Collection (Proactive) 10M(56%)->8M(44%)
[159.752s][info][gc] GC(140) Garbage Collection (Proactive) 10M(56%)->8M(44%)
[160.941s][info][gc] GC(141) Garbage Collection (Proactive) 10M(56%)->8M(44%)
[162.140s][info][gc] GC(142) Garbage Collection (Proactive) 10M(56%)->8M(44%)
[163.044s][info][gc] GC(143) Garbage Collection (Proactive) 10M(56%)->8M(44%)
[164.030s][info][gc] GC(144) Garbage Collection (Proactive) 10M(56%)->8M(44%)
[164.937s][info][gc] GC(145) Garbage Collection (Proactive) 10M(56%)->8M(44%)
[165.745s][info][gc] GC(146) Garbage Collection (Proactive) 10M(56%)->8M(44%)
[166.436s][info][gc] GC(147) Garbage Collection (Proactive) 10M(56%)->8M(44%)
[167.545s][info][gc] GC(148) Garbage Collection (Proactive) 10M(56%)->8M(44%)
[168.940s][info][gc] GC(149) Garbage Collection (Proactive) 10M(56%)->8M(44%)
[170.134s][info][gc] GC(150) Garbage Collection (Proactive) 10M(56%)->8M(44%)
[171.142s][info][gc] GC(151) Garbage Collection (Proactive) 10M(56%)->8M(44%)
[172.042s][info][gc] GC(152) Garbage Collection (Proactive) 10M(56%)->8M(44%)
[172.867s][info][gc] GC(153) Garbage Collection (Proactive) 10M(56%)->8M(44%)
[175.742s][info][gc] GC(154) Garbage Collection (Proactive) 10M(56%)->8M(44%)
[177.947s][info][gc] GC(155) Garbage Collection (Proactive) 10M(56%)->8M(44%)
[179.557s][info][gc] GC(156) Garbage Collection (Proactive) 10M(56%)->8M(44%)
[181.349s][info][gc] GC(157) Garbage Collection (Proactive) 10M(56%)->8M(44%)
[182.840s][info][gc] GC(158) Garbage Collection (Proactive) 10M(56%)->8M(44%)
[184.054s][info][gc] GC(159) Garbage Collection (Proactive) 10M(56%)->8M(44%)
[185.750s][info][gc] GC(160) Garbage Collection (Proactive) 10M(56%)->8M(44%)
[187.249s][info][gc] GC(161) Garbage Collection (Proactive) 10M(56%)->8M(44%)
[188.637s][info][gc] GC(162) Garbage Collection (Proactive) 10M(56%)->8M(44%)
[189.845s][info][gc] GC(163) Garbage Collection (Proactive) 10M(56%)->8M(44%)
[191.445s][info][gc] GC(164) Garbage Collection (Proactive) 10M(56%)->8M(44%)
[192.943s][info][gc] GC(165) Garbage Collection (Proactive) 10M(56%)->8M(44%)
[194.738s][info][gc] GC(166) Garbage Collection (Proactive) 10M(56%)->8M(44%)
[196.143s][info][gc] GC(167) Garbage Collection (Proactive) 12M(67%)->10M(56%)
[197.342s][info][gc] GC(168) Garbage Collection (Proactive) 12M(67%)->10M(56%)
[198.232s][info][gc] GC(169) Garbage Collection (Proactive) 12M(67%)->10M(56%)
[199.037s][info][gc] GC(170) Garbage Collection (Proactive) 12M(67%)->10M(56%)
[199.836s][info][gc] GC(171) Garbage Collection (Proactive) 12M(67%)->10M(56%)
[200.532s][info][gc] GC(172) Garbage Collection (Proactive) 12M(67%)->10M(56%)
[201.445s][info][gc] GC(173) Garbage Collection (Proactive) 12M(67%)->10M(56%)
[202.134s][info][gc] GC(174) Garbage Collection (Proactive) 12M(67%)->10M(56%)
[202.844s][info][gc] GC(175) Garbage Collection (Proactive) 12M(67%)->10M(56%)
[203.534s][info][gc] GC(176) Garbage Collection (Proactive) 12M(67%)->10M(56%)
[204.447s][info][gc] GC(177) Garbage Collection (Proactive) 12M(67%)->10M(56%)
[205.233s][info][gc] GC(178) Garbage Collection (Proactive) 12M(67%)->10M(56%)
[206.045s][info][gc] GC(179) Garbage Collection (Proactive) 12M(67%)->10M(56%)
[206.732s][info][gc] GC(180) Garbage Collection (Proactive) 12M(67%)->10M(56%)
[207.440s][info][gc] GC(181) Garbage Collection (Proactive) 12M(67%)->10M(56%)
[208.239s][info][gc] GC(182) Garbage Collection (Proactive) 12M(67%)->10M(56%)
[209.036s][info][gc] GC(183) Garbage Collection (Proactive) 12M(67%)->10M(56%)
[209.739s][info][gc] GC(184) Garbage Collection (Proactive) 12M(67%)->10M(56%)
[210.545s][info][gc] GC(185) Garbage Collection (Proactive) 12M(67%)->10M(56%)
[211.444s][info][gc] GC(186) Garbage Collection (Proactive) 12M(67%)->10M(56%)
[212.243s][info][gc] GC(187) Garbage Collection (Proactive) 12M(67%)->10M(56%)
[213.032s][info][gc] GC(188) Garbage Collection (Proactive) 12M(67%)->10M(56%)
[213.732s][info][gc] GC(189) Garbage Collection (Proactive) 12M(67%)->10M(56%)
[214.532s][info][gc] GC(190) Garbage Collection (Proactive) 12M(67%)->10M(56%)
[215.443s][info][gc] GC(191) Garbage Collection (Proactive) 12M(67%)->10M(56%)
[216.345s][info][gc] GC(192) Garbage Collection (Proactive) 12M(67%)->10M(56%)
[217.143s][info][gc] GC(193) Garbage Collection (Proactive) 12M(67%)->10M(56%)
[217.832s][info][gc] GC(194) Garbage Collection (Proactive) 12M(67%)->10M(56%)
[218.540s][info][gc] GC(195) Garbage Collection (Proactive) 12M(67%)->10M(56%)
[219.545s][info][gc] GC(196) Garbage Collection (Proactive) 12M(67%)->10M(56%)
[220.535s][info][gc] GC(197) Garbage Collection (Proactive) 12M(67%)->10M(56%)
[221.532s][info][gc] GC(198) Garbage Collection (Proactive) 12M(67%)->10M(56%)
[222.544s][info][gc] GC(199) Garbage Collection (Proactive) 12M(67%)->10M(56%)
[223.545s][info][gc] GC(200) Garbage Collection (Proactive) 12M(67%)->10M(56%)
[224.446s][info][gc] GC(201) Garbage Collection (Proactive) 12M(67%)->10M(56%)
[225.334s][info][gc] GC(202) Garbage Collection (Proactive) 12M(67%)->10M(56%)
[226.132s][info][gc] GC(203) Garbage Collection (Proactive) 12M(67%)->10M(56%)
[226.842s][info][gc] GC(204) Garbage Collection (Proactive) 12M(67%)->10M(56%)
[227.544s][info][gc] GC(205) Garbage Collection (Proactive) 12M(67%)->10M(56%)
[228.533s][info][gc] GC(206) Garbage Collection (Proactive) 12M(67%)->10M(56%)
[229.541s][info][gc] GC(207) Garbage Collection (Proactive) 12M(67%)->10M(56%)
[230.540s][info][gc] GC(208) Garbage Collection (Proactive) 12M(67%)->10M(56%)
[231.546s][info][gc] GC(209) Garbage Collection (Proactive) 12M(67%)->10M(56%)
[232.540s][info][gc] GC(210) Garbage Collection (Proactive) 12M(67%)->10M(56%)
[233.534s][info][gc] GC(211) Garbage Collection (Proactive) 12M(67%)->10M(56%)
[234.541s][info][gc] GC(212) Garbage Collection (Proactive) 12M(67%)->10M(56%)
[235.536s][info][gc] GC(213) Garbage Collection (Proactive) 12M(67%)->10M(56%)
[236.548s][info][gc] GC(214) Garbage Collection (Proactive) 12M(67%)->10M(56%)
[237.533s][info][gc] GC(215) Garbage Collection (Proactive) 12M(67%)->12M(67%)
[249.533s][info][gc] GC(216) Garbage Collection (Proactive) 14M(78%)->10M(56%)
[250.342s][info][gc] GC(217) Garbage Collection (Proactive) 12M(67%)->10M(56%)
[251.147s][info][gc] GC(218) Garbage Collection (Proactive) 12M(67%)->10M(56%)
[252.035s][info][gc] GC(219) Garbage Collection (Proactive) 12M(67%)->10M(56%)
[252.847s][info][gc] GC(220) Garbage Collection (Proactive) 12M(67%)->10M(56%)
[253.646s][info][gc] GC(221) Garbage Collection (Proactive) 12M(67%)->10M(56%)
[254.543s][info][gc] GC(222) Garbage Collection (Proactive) 12M(67%)->12M(67%)
[267.634s][info][gc] GC(223) Garbage Collection (Proactive) 14M(78%)->10M(56%)
[268.535s][info][gc] GC(224) Garbage Collection (Proactive) 12M(67%)->10M(56%)
[269.334s][info][gc] GC(225) Garbage Collection (Proactive) 12M(67%)->10M(56%)
[270.235s][info][gc] GC(226) Garbage Collection (Proactive) 12M(67%)->10M(56%)
[271.033s][info][gc] GC(227) Garbage Collection (Proactive) 12M(67%)->10M(56%)
[271.847s][info][gc] GC(228) Garbage Collection (Proactive) 12M(67%)->10M(56%)
[272.543s][info][gc] GC(229) Garbage Collection (Proactive) 12M(67%)->10M(56%)
[273.239s][info][gc] GC(230) Garbage Collection (Proactive) 12M(67%)->10M(56%)
[273.935s][info][gc] GC(231) Garbage Collection (Proactive) 12M(67%)->10M(56%)
[274.641s][info][gc] GC(232) Garbage Collection (Proactive) 12M(67%)->10M(56%)
[275.535s][info][gc] GC(233) Garbage Collection (Proactive) 12M(67%)->10M(56%)
[276.332s][info][gc] GC(234) Garbage Collection (Proactive) 12M(67%)->10M(56%)
[277.037s][info][gc] GC(235) Garbage Collection (Proactive) 12M(67%)->10M(56%)
[277.732s][info][gc] GC(236) Garbage Collection (Proactive) 12M(67%)->10M(56%)
[278.545s][info][gc] GC(237) Garbage Collection (Proactive) 12M(67%)->10M(56%)
[279.241s][info][gc] GC(238) Garbage Collection (Proactive) 12M(67%)->10M(56%)
[279.831s][info][gc] GC(239) Garbage Collection (Proactive) 12M(67%)->10M(56%)
[280.537s][info][gc] GC(240) Garbage Collection (Proactive) 12M(67%)->10M(56%)
[281.245s][info][gc] GC(241) Garbage Collection (Proactive) 12M(67%)->8M(44%)
[281.941s][info][gc] GC(242) Garbage Collection (Proactive) 10M(56%)->8M(44%)
[282.746s][info][gc] GC(243) Garbage Collection (Proactive) 10M(56%)->8M(44%)
[283.542s][info][gc] GC(244) Garbage Collection (Proactive) 10M(56%)->8M(44%)
[284.652s][info][gc] GC(245) Garbage Collection (Proactive) 10M(56%)->8M(44%)
[286.440s][info][gc] GC(246) Garbage Collection (Proactive) 10M(56%)->8M(44%)
[288.047s][info][gc] GC(247) Garbage Collection (Proactive) 10M(56%)->8M(44%)
[289.245s][info][gc] GC(248) Garbage Collection (Proactive) 10M(56%)->8M(44%)
[290.244s][info][gc] GC(249) Garbage Collection (Proactive) 10M(56%)->8M(44%)
[291.146s][info][gc] GC(250) Garbage Collection (Proactive) 10M(56%)->8M(44%)
[292.047s][info][gc] GC(251) Garbage Collection (Proactive) 10M(56%)->8M(44%)
[292.834s][info][gc] GC(252) Garbage Collection (Proactive) 10M(56%)->8M(44%)
[293.642s][info][gc] GC(253) Garbage Collection (Proactive) 10M(56%)->8M(44%)
[294.539s][info][gc] GC(254) Garbage Collection (Proactive) 10M(56%)->8M(44%)
[295.334s][info][gc] GC(255) Garbage Collection (Proactive) 10M(56%)->8M(44%)
[296.139s][info][gc] GC(256) Garbage Collection (Proactive) 10M(56%)->8M(44%)
[296.944s][info][gc] GC(257) Garbage Collection (Proactive) 10M(56%)->8M(44%)
[297.851s][info][gc] GC(258) Garbage Collection (Proactive) 10M(56%)->8M(44%)
[299.148s][info][gc] GC(259) Garbage Collection (Proactive) 10M(56%)->8M(44%)
[300.739s][info][gc] GC(260) Garbage Collection (Proactive) 10M(56%)->8M(44%)
[302.041s][info][gc] GC(261) Garbage Collection (Proactive) 10M(56%)->8M(44%)
[303.234s][info][gc] GC(262) Garbage Collection (Proactive) 10M(56%)->8M(44%)
[304.341s][info][gc] GC(263) Garbage Collection (Proactive) 10M(56%)->8M(44%)
[305.334s][info][gc] GC(264) Garbage Collection (Proactive) 10M(56%)->10M(56%)
[317.643s][info][gc] GC(265) Garbage Collection (Proactive) 12M(67%)->8M(44%)
[318.532s][info][gc] GC(266) Garbage Collection (Proactive) 10M(56%)->8M(44%)
[319.348s][info][gc] GC(267) Garbage Collection (Proactive) 10M(56%)->8M(44%)
[320.346s][info][gc] GC(268) Garbage Collection (Proactive) 10M(56%)->8M(44%)
[321.244s][info][gc] GC(269) Garbage Collection (Proactive) 10M(56%)->8M(44%)
[322.150s][info][gc] GC(270) Garbage Collection (Proactive) 10M(56%)->8M(44%)
